<html>
<body>
<pre>
<h1>µVision Build Log</h1>
<h2>Project:</h2>
C:\Users\Ïîëüçîâàòåëü\Desktop\21-master\gnu.uvproj
Project File Date:  12/28/2017

<h2>Output:</h2>
Build target 'Target 1'
compiling game.c...
user\setting.h(35): warning:  #1295-D: Deprecated declaration LCD_Setting - give arg types
        void LCD_Setting();
user\setting.h(39): warning:  #1295-D: Deprecated declaration Nomber_RNG - give arg types
        uint8_t Nomber_RNG();
user\game.c: 2 warnings, 0 errors
linking...
Program Size: Code=6452 RO-data=456 RW-data=44 ZI-data=1636  
".\gnu.axf" - 0 Error(s), 2 Warning(s).
</pre>
</body>
</html>
ng LCD_Functions.c...
user\setting.h(35): warning:  #1295-D: Deprecated declaration LCD_Setting - give arg types
        void LCD_Setting();
user\setting.h(39): warning:  #1295-D: Deprecated declaration Nomber_RNG - give arg types
        uint8_t Nomber_RNG();
user\LCD_Functions.c(76): warning:  #1-D: last line of file ends without a newline
  }
user\LCD_Functions.c: 3 warnings, 0 errors
compiling game_and_button.c...
user\setting.h(35): warning:  #1295-D: Deprecated declaration LCD_Setting - give arg types
        void LCD_Setting();
user\setting.h(39): warning:  #1295-D: Deprecated declaration Nomber_RNG - give arg types
        uint8_t Nomber_RNG();
user\game_and_button.c(28): warning:  #940-D: missing return statement at end of non-void function "Good_Button"
  }
user\game_and_button.c(62): warning:  #1-D: last line of file ends without a newline
  }
user\game_and_button.c: 4 warnings, 0 errors
compiling game.c...
user\setting.h(35): warning:  #1295-D: Deprecated declaration LCD_Setting - give arg types
        void LCD_Setting();
user\setting.h(39): warning:  #1295-D: Deprecated declaration Nomber_RNG - give arg types
        uint8_t Nomber_RNG();
user\game.c: 2 warnings, 0 errors
linking...
Program Size: Code=6420 RO-data=424 RW-data=68 ZI-data=1636  
".\gnu.axf" - 0 Error(s), 12 Warning(s).
dc.c...
compiling stm32f4xx_can.c...
compiling stm32f4xx_cec.c...
compiling stm32f4xx_crc.c...
compiling stm32f4xx_cryp.c...
compiling stm32f4xx_cryp_aes.c...
compiling stm32f4xx_cryp_des.c...
compiling stm32f4xx_cryp_tdes.c...
compiling stm32f4xx_dac.c...
compiling stm32f4xx_dbgmcu.c...
compiling stm32f4xx_dcmi.c...
compiling stm32f4xx_dma.c...
compiling stm32f4xx_dma2d.c...
compiling stm32f4xx_dsi.c...
compiling stm32f4xx_exti.c...
compiling stm32f4xx_flash.c...
compiling stm32f4xx_flash_ramfunc.c...
compiling stm32f4xx_fmpi2c.c...
compiling stm32f4xx_fsmc.c...
compiling stm32f4xx_gpio.c...
compiling stm32f4xx_hash.c...
compiling stm32f4xx_hash_md5.c...
compiling stm32f4xx_hash_sha1.c...
compiling stm32f4xx_i2c.c...
compiling stm32f4xx_iwdg.c...
compiling stm32f4xx_lptim.c...
compiling stm32f4xx_ltdc.c...
compiling stm32f4xx_pwr.c...
compiling stm32f4xx_qspi.c...
compiling stm32f4xx_rcc.c...
compiling stm32f4xx_rng.c...
compiling stm32f4xx_rtc.c...
compiling stm32f4xx_sai.c...
compiling stm32f4xx_sdio.c...
compiling stm32f4xx_spdifrx.c...
compiling stm32f4xx_spi.c...
compiling stm32f4xx_syscfg.c...
compiling stm32f4xx_tim.c...
compiling stm32f4xx_usart.c...
compiling stm32f4xx_wwdg.c...
linking...
.\gnu.axf: Error: L6200E: Symbol bad multiply defined (by lcd_functions.o and setting_main_and_delay.o).
.\gnu.axf: Error: L6200E: Symbol bad multiply defined (by game_and_button.o and setting_main_and_delay.o).
.\gnu.axf: Error: L6200E: Symbol bad multiply defined (by main.o and setting_main_and_delay.o).
.\gnu.axf: Error: L6200E: Symbol good multiply defined (by lcd_functions.o and setting_main_and_delay.o).
.\gnu.axf: Error: L6200E: Symbol good multiply defined (by game_and_button.o and setting_main_and_delay.o).
.\gnu.axf: Error: L6200E: Symbol good multiply defined (by main.o and setting_main_and_delay.o).
Not enough information to list image symbols.
Not enough information to list the image map.
Finished: 2 information, 0 warning and 6 error messages.
".\gnu.axf" - 6 Error(s), 12 Warning(s).
Target not created
